[colorlib.com/preview/theme/genius/course.html]
[backblue.gif]
[fade.gif]
[index.html]
[colorlib.com/preview/theme/genius/css/open-iconic-bootstrap.min.css]
[colorlib.com/preview/theme/genius/css/animate.css]
[colorlib.com/preview/theme/genius/css/owl.carousel.min.css]
[colorlib.com/preview/theme/genius/css/owl.theme.default.min.css]
[colorlib.com/preview/theme/genius/css/magnific-popup.css]
[colorlib.com/preview/theme/genius/css/aos.css]
[colorlib.com/preview/theme/genius/css/ionicons.min.css]
[colorlib.com/preview/theme/genius/css/bootstrap-datepicker.css]
[colorlib.com/preview/theme/genius/css/jquery.timepicker.css]
[colorlib.com/preview/theme/genius/css/flaticon.css]
[colorlib.com/preview/theme/genius/css/icomoon.css]
[colorlib.com/preview/theme/genius/css/style.css]
[colorlib.com/preview/theme/genius/index.html]
[colorlib.com/preview/theme/genius/about.html]
[colorlib.com/preview/theme/genius/teacher.html]
[colorlib.com/preview/theme/genius/blog.html]
[colorlib.com/preview/theme/genius/event.html]
[colorlib.com/preview/theme/genius/contact.html]
[colorlib.com/preview/theme/genius/images/bg_2.jpg]
[colorlib.com/preview/theme/genius/images/course-1.jpg]
[colorlib.com/preview/theme/genius/images/course-2.jpg]
[colorlib.com/preview/theme/genius/images/course-3.jpg]
[colorlib.com/preview/theme/genius/images/course-4.jpg]
[colorlib.com/preview/theme/genius/images/course-5.jpg]
[colorlib.com/preview/theme/genius/images/course-6.jpg]
[colorlib.com/preview/theme/genius/images/image_1.jpg]
[colorlib.com/preview/theme/genius/images/image_2.jpg]
[colorlib.com/cdn-cgi/scripts/5c5dd728/cloudflare-static/email-decode.min.js]
[colorlib.com/preview/theme/genius/js/jquery.min.js]
[colorlib.com/preview/theme/genius/js/jquery-migrate-3.0.1.min.js]
[colorlib.com/preview/theme/genius/js/popper.min.js]
[colorlib.com/preview/theme/genius/js/bootstrap.min.js]
[colorlib.com/preview/theme/genius/js/jquery.easing.1.3.js]
[colorlib.com/preview/theme/genius/js/jquery.waypoints.min.js]
[colorlib.com/preview/theme/genius/js/jquery.stellar.min.js]
[colorlib.com/preview/theme/genius/js/owl.carousel.min.js]
[colorlib.com/preview/theme/genius/js/jquery.magnific-popup.min.js]
[colorlib.com/preview/theme/genius/js/aos.js]
[colorlib.com/preview/theme/genius/js/jquery.animateNumber.min.js]
[colorlib.com/preview/theme/genius/js/bootstrap-datepicker.js]
[colorlib.com/preview/theme/genius/js/jquery.timepicker.min.js]
[colorlib.com/preview/theme/genius/js/scrollax.min.js]
[colorlib.com/preview/theme/genius/js/google-map.js]
[colorlib.com/preview/theme/genius/js/main.js]
[colorlib.com/preview/theme/genius/course.html]
[ajax.cloudflare.com/cdn-cgi/scripts/7089c43e/cloudflare-static/rocket-loader.min.js]
[colorlib.com/preview/theme/genius/fonts/open-iconic/open-iconic.eot]
[colorlib.com/preview/theme/genius/fonts/open-iconic/open-iconicd41d.eot]
[colorlib.com/preview/theme/genius/fonts/open-iconic/open-iconic.woff]
[colorlib.com/preview/theme/genius/fonts/open-iconic/open-iconic.ttf]
[colorlib.com/preview/theme/genius/fonts/open-iconic/open-iconic.otf]
[colorlib.com/preview/theme/genius/css/open-iconic-bootstrap.min.css]
[colorlib.com/preview/theme/genius/css/animate.css]
[colorlib.com/preview/theme/genius/fonts/open-iconic/open-iconic.svg]
[colorlib.com/preview/theme/genius/css/owl.video.play.png]
[colorlib.com/preview/theme/genius/css/owl.carousel.min.css]
[colorlib.com/preview/theme/genius/css/owl.theme.default.min.css]
[colorlib.com/preview/theme/genius/css/magnific-popup.css]
[colorlib.com/preview/theme/genius/css/aos.css]
[colorlib.com/preview/theme/genius/fonts/ionicons/fonts/ionicons580c.eot]
[colorlib.com/preview/theme/genius/fonts/ionicons/fonts/ionicons580c.woff2]
[colorlib.com/preview/theme/genius/fonts/ionicons/fonts/ionicons580c.woff]
[colorlib.com/preview/theme/genius/fonts/ionicons/fonts/ionicons580c.ttf]
[colorlib.com/preview/theme/genius/css/ionicons.min.css]
[colorlib.com/preview/theme/genius/css/bootstrap-datepicker.css]
[colorlib.com/preview/theme/genius/css/jquery.timepicker.css]
[colorlib.com/preview/theme/genius/fonts/ionicons/fonts/ionicons580c.svg]
[colorlib.com/preview/theme/genius/fonts/flaticon/font/Flaticon.eot]
[colorlib.com/preview/theme/genius/fonts/flaticon/font/Flaticond41d.eot]
[colorlib.com/preview/theme/genius/fonts/flaticon/font/Flaticon.woff]
[colorlib.com/preview/theme/genius/fonts/flaticon/font/Flaticon.ttf]
[colorlib.com/preview/theme/genius/css/flaticon.css]
[colorlib.com/preview/theme/genius/fonts/flaticon/font/Flaticon.svg]
[colorlib.com/preview/theme/genius/fonts/icomoon/icomoonccfb.eot]
[colorlib.com/preview/theme/genius/fonts/icomoon/icomoonccfb.ttf]
[colorlib.com/preview/theme/genius/fonts/icomoon/icomoonccfb.woff]
[colorlib.com/preview/theme/genius/css/icomoon.css]
[colorlib.com/preview/theme/genius/css/style.css]
[colorlib.com/preview/theme/genius/fonts/icomoon/icomoonccfb.svg]
[colorlib.com/preview/theme/genius/images/bg_1.jpg]
[colorlib.com/preview/theme/genius/images/bg_3.jpg]
[colorlib.com/preview/theme/genius/images/person_1.jpg]
[colorlib.com/preview/theme/genius/images/person_2.jpg]
[colorlib.com/preview/theme/genius/images/person_3.jpg]
[colorlib.com/preview/theme/genius/teacher-single.html]
[colorlib.com/preview/theme/genius/blog-single.html]
[colorlib.com/preview/theme/genius/images/image_3.jpg]
[colorlib.com/preview/theme/genius/images/event-1.jpg]
[colorlib.com/preview/theme/genius/images/event-2.jpg]
[colorlib.com/preview/theme/genius/images/event-3.jpg]
[colorlib.com/preview/theme/genius/index.html]
[colorlib.com/preview/theme/genius/about.html]
[colorlib.com/preview/theme/genius/images/person_4.jpg]
[colorlib.com/preview/theme/genius/images/person_5.jpg]
[colorlib.com/preview/theme/genius/images/person_6.jpg]
[colorlib.com/preview/theme/genius/images/person_7.jpg]
[colorlib.com/preview/theme/genius/images/person_8.jpg]
[colorlib.com/preview/theme/genius/images/person_9.jpg]
[colorlib.com/preview/theme/genius/teacher.html]
[colorlib.com/preview/theme/genius/images/image_4.jpg]
[colorlib.com/preview/theme/genius/images/image_5.jpg]
[colorlib.com/preview/theme/genius/images/image_6.jpg]
[colorlib.com/preview/theme/genius/blog.html]
[colorlib.com/preview/theme/genius/event.html]
[colorlib.com/preview/theme/genius/contact.html]
[colorlib.com/preview/theme/genius/fonts/open-iconic/open-iconic.svg]
[colorlib.com/preview/theme/genius/css/owl.video.play.html]
[colorlib.com/preview/theme/genius/fonts/ionicons/fonts/ionicons580c.svg]
[colorlib.com/preview/theme/genius/fonts/flaticon/font/Flaticon.svg]
[colorlib.com/preview/theme/genius/fonts/icomoon/icomoonccfb.svg]
[colorlib.com/preview/theme/genius/teacher-single.html]
[colorlib.com/preview/theme/genius/blog-single.html]
