[backblue.gif]
[fade.gif]
[index.html]
[gorakhpurpublicschool.com/favicon.ico]
[ajax.googleapis.com/ajax/libs/jquery/1.7.1/jquery.min.js]
[gorakhpurpublicschool.com/images/logo.jpg]
[gorakhpurpublicschool.com/images/sl1.jpg]
[gorakhpurpublicschool.com/images/sl2.jpg]
[gorakhpurpublicschool.com/images/sl3.jpg]
[gorakhpurpublicschool.com/images/sl191.jpg]
[gorakhpurpublicschool.com/pics/3.jpg]
[gorakhpurpublicschool.com/images/bullet1.jpg]
[gorakhpurpublicschool.com/faculty/1.jpg]
[gorakhpurpublicschool.com/images/geetanjali_p.jpg]
[gorakhpurpublicschool.com/images/dnsrivastava_gps.jpg]
[gorakhpurpublicschool.com/images/thumbs/0000308_220.jpg]
[gorakhpurpublicschool.com/images/thumbs/0000298_220.jpg]
[gorakhpurpublicschool.com/images/thumbs/0000293_220.jpg]
[gorakhpurpublicschool.com/images/thumbs/0000308_150.jpg]
[gorakhpurpublicschool.com/images/thumbs/0000307_150.jpg]
[gorakhpurpublicschool.com/images/thumbs/0000306_150.jpg]
[gorakhpurpublicschool.com/images/thumbs/0000305_150.jpg]
[gorakhpurpublicschool.com/images/thumbs/0000304_150.jpg]
[gorakhpurpublicschool.com/images/thumbs/0000303_150.jpg]
[gorakhpurpublicschool.com/images/thumbs/0000302_150.jpg]
[gorakhpurpublicschool.com/images/thumbs/0000301_150.jpg]
[gorakhpurpublicschool.com/images/thumbs/0000300_150.jpg]
[gorakhpurpublicschool.com/images/thumbs/0000299_150.jpg]
[gorakhpurpublicschool.com/images/thumbs/0000298_150.jpg]
[gorakhpurpublicschool.com/images/thumbs/0000297_150.jpg]
[gorakhpurpublicschool.com/images/phone.png]
[gorakhpurpublicschool.com/images/email.png]
[gorakhpurpublicschool.com/images/fb.png]
[www.gkpmart.com/images/gkpmart.jpg]
[ajax.googleapis.com/ajax/libs/jquery/1.11.3/jquery.min.js]
[gorakhpurpublicschool.com/dist/js/bootstrap.min.js]
[gorakhpurpublicschool.com/index.html]
[gorakhpurpublicschool.com/dist/fonts/glyphicons-halflings-regular.eot]
[gorakhpurpublicschool.com/dist/fonts/glyphicons-halflings-regular.woff2]
[gorakhpurpublicschool.com/dist/fonts/glyphicons-halflings-regulard41d.eot]
[gorakhpurpublicschool.com/dist/fonts/glyphicons-halflings-regular.woff]
[gorakhpurpublicschool.com/dist/fonts/glyphicons-halflings-regular.ttf]
[gorakhpurpublicschool.com/dist/css/bootstrap.min.css]
[gorakhpurpublicschool.com/assets/js/ie-emulation-modes-warning.html]
[gorakhpurpublicschool.com/dist/css/sticky-footer-navbar.css]
[gorakhpurpublicschool.com/scripts/script.html]
[gorakhpurpublicschool.com/dist/css/style.css]
[gorakhpurpublicschool.com/default.html]
[gorakhpurpublicschool.com/Default-2.html]
[gorakhpurpublicschool.com/images/sl8.jpg]
[gorakhpurpublicschool.com/images/sp1.jpg]
[gorakhpurpublicschool.com/images/sp2.jpg]
[gorakhpurpublicschool.com/images/sp4.jpg]
[gorakhpurpublicschool.com/Aboutus.html]
[gorakhpurpublicschool.com/Aim_Objective.html]
[gorakhpurpublicschool.com/Admission.html]
[gorakhpurpublicschool.com/faculty/2.jpg]
[gorakhpurpublicschool.com/faculty/4.jpg]
[gorakhpurpublicschool.com/faculty/19n-9.jpg]
[gorakhpurpublicschool.com/faculty/8.jpg]
[gorakhpurpublicschool.com/faculty/19n-1.jpg]
[gorakhpurpublicschool.com/faculty/16.jpg]
[gorakhpurpublicschool.com/faculty/19n-8.jpg]
[gorakhpurpublicschool.com/faculty/17.jpg]
[gorakhpurpublicschool.com/faculty/19n-4.jpg]
[gorakhpurpublicschool.com/faculty/53.jpg]
[gorakhpurpublicschool.com/faculty/dsss4.jpg]
[gorakhpurpublicschool.com/faculty/21.jpg]
[gorakhpurpublicschool.com/faculty/22.jpg]
[gorakhpurpublicschool.com/faculty/dss4.jpg]
[gorakhpurpublicschool.com/faculty/Ms. Arpita Tiwari.jpg]
[gorakhpurpublicschool.com/faculty/Ms. Ashna Khan.jpg]
[gorakhpurpublicschool.com/faculty/19n-14.jpg]
[gorakhpurpublicschool.com/faculty/19n-19.jpg]
[gorakhpurpublicschool.com/faculty/24.jpg]
[gorakhpurpublicschool.com/faculty/25.jpg]
[gorakhpurpublicschool.com/faculty/19n-5.jpg]
[gorakhpurpublicschool.com/faculty/19n-11.jpg]
[gorakhpurpublicschool.com/faculty/19n-13.jpg]
[gorakhpurpublicschool.com/faculty/19n-21.jpg]
[gorakhpurpublicschool.com/faculty/19n-15.jpg]
[gorakhpurpublicschool.com/faculty/34.jpg]
[gorakhpurpublicschool.com/faculty/Mr. Amarendra Rai.jpg]
[gorakhpurpublicschool.com/faculty/19n-20.jpg]
[gorakhpurpublicschool.com/faculty/37.jpg]
[gorakhpurpublicschool.com/faculty/19n-18.jpg]
[gorakhpurpublicschool.com/faculty/42.jpg]
[gorakhpurpublicschool.com/faculty/9.jpg]
[gorakhpurpublicschool.com/faculty/11.jpg]
[gorakhpurpublicschool.com/faculty/12.jpg]
[gorakhpurpublicschool.com/faculty/dos5.jpg]
[gorakhpurpublicschool.com/faculty/19n-3.jpg]
[gorakhpurpublicschool.com/OurFaculty.html]
[gorakhpurpublicschool.com/FeePolicy.html]
[gorakhpurpublicschool.com/Subjectsoffered.html]
[gorakhpurpublicschool.com/ExtraCurricularActivities.html]
[gorakhpurpublicschool.com/Social_Work.html]
[gorakhpurpublicschool.com/images/lab1.jpg]
[gorakhpurpublicschool.com/images/lab2.jpg]
[gorakhpurpublicschool.com/images/smartc1.jpg]
[gorakhpurpublicschool.com/images/gpscom1.jpg]
[gorakhpurpublicschool.com/infrastructure.html]
[gorakhpurpublicschool.com/images/smartc2.jpg]
[gorakhpurpublicschool.com/Smart_Class.html]
[gorakhpurpublicschool.com/Mathematics_Lab.html]
[gorakhpurpublicschool.com/Geography_Laboratory.html]
[gorakhpurpublicschool.com/images/math1.jpg]
[gorakhpurpublicschool.com/images/math2.jpg]
[gorakhpurpublicschool.com/pics/it1.jpg]
[gorakhpurpublicschool.com/pics/it2.jpg]
[gorakhpurpublicschool.com/Inforamtion_Technology_Lab.html]
[gorakhpurpublicschool.com/images/thumbs/0000289_220.jpg]
[gorakhpurpublicschool.com/images/thumbs/0000281_220.jpg]
[gorakhpurpublicschool.com/images/thumbs/0000272_220.jpg]
[gorakhpurpublicschool.com/images/thumbs/0000267_220.jpg]
[gorakhpurpublicschool.com/images/thumbs/0000261_220.jpg]
[gorakhpurpublicschool.com/PhotoGallery919f.html]
[gorakhpurpublicschool.com/images/thumbs/0000253_220.jpg]
[gorakhpurpublicschool.com/PhotoGallery9973.html]
[gorakhpurpublicschool.com/images/thumbs/0000246_220.jpg]
[gorakhpurpublicschool.com/PhotoGallery51c6.html]
[gorakhpurpublicschool.com/images/thumbs/0000234_220.jpg]
[gorakhpurpublicschool.com/PhotoGallerybe64.html]
[gorakhpurpublicschool.com/images/thumbs/0000221_220.jpg]
[gorakhpurpublicschool.com/PhotoGalleryc4ff.html]
[gorakhpurpublicschool.com/images/thumbs/0000274_220.jpg]
[gorakhpurpublicschool.com/PhotoGallery943f.html]
[gorakhpurpublicschool.com/images/thumbs/0000149_220.jpg]
[gorakhpurpublicschool.com/PhotoGallery19b1.html]
[gorakhpurpublicschool.com/images/thumbs/0000165_220.jpg]
[gorakhpurpublicschool.com/PhotoGallery6988.html]
[gorakhpurpublicschool.com/images/thumbs/0000184_220.jpg]
[gorakhpurpublicschool.com/images/thumbs/0000131_220.jpg]
[gorakhpurpublicschool.com/images/thumbs/0000108_220.jpg]
[gorakhpurpublicschool.com/images/thumbs/0000087_220.jpg]
[gorakhpurpublicschool.com/images/thumbs/0000071_220.jpg]
[gorakhpurpublicschool.com/images/thumbs/0000053_220.jpg]
[gorakhpurpublicschool.com/images/thumbs/0000045_220.jpg]
[gorakhpurpublicschool.com/images/thumbs/0000020_220.jpg]
[gorakhpurpublicschool.com/Album.html]
[gorakhpurpublicschool.com/aboutus-2.html]
[gorakhpurpublicschool.com/Newsdetail5d6e.html]
[gorakhpurpublicschool.com/Newsdetail1e64.html]
[gorakhpurpublicschool.com/Newsdetail87af.html]
[gorakhpurpublicschool.com/Newsdetail2fe8.html]
[gorakhpurpublicschool.com/GpsNews.html]
[gorakhpurpublicschool.com/DirectorMsg.html]
[gorakhpurpublicschool.com/msg.html]
[gorakhpurpublicschool.com/msgadministrator.html]
[gorakhpurpublicschool.com/picstool/jquery.min.js]
[gorakhpurpublicschool.com/picstool/jquery-1.4.3.min.js]
[gorakhpurpublicschool.com/picstool/jquery.mousewheel-3.0.4.pack.js]
[gorakhpurpublicschool.com/picstool/jquery.fancybox-1.3.4.pack.js]
[gorakhpurpublicschool.com/images/thumbs/0000308.jpg]
[gorakhpurpublicschool.com/images/thumbs/0000307.jpg]
[gorakhpurpublicschool.com/images/thumbs/0000307_220.jpg]
[gorakhpurpublicschool.com/images/thumbs/0000306.jpg]
[gorakhpurpublicschool.com/images/thumbs/0000306_220.jpg]
[gorakhpurpublicschool.com/images/thumbs/0000305.jpg]
[gorakhpurpublicschool.com/images/thumbs/0000305_220.jpg]
[gorakhpurpublicschool.com/images/thumbs/0000304.jpg]
[gorakhpurpublicschool.com/images/thumbs/0000304_220.jpg]
[gorakhpurpublicschool.com/images/thumbs/0000303.jpg]
[gorakhpurpublicschool.com/images/thumbs/0000303_220.jpg]
[gorakhpurpublicschool.com/images/thumbs/0000302.jpg]
[gorakhpurpublicschool.com/images/thumbs/0000302_220.jpg]
[gorakhpurpublicschool.com/images/thumbs/0000301.jpg]
[gorakhpurpublicschool.com/images/thumbs/0000301_220.jpg]
[gorakhpurpublicschool.com/images/thumbs/0000300.jpg]
[gorakhpurpublicschool.com/images/thumbs/0000300_220.jpg]
[gorakhpurpublicschool.com/images/thumbs/0000299.jpg]
[gorakhpurpublicschool.com/images/thumbs/0000299_220.jpg]
[gorakhpurpublicschool.com/PhotoGallery8429.html]
[gorakhpurpublicschool.com/images/thumbs/0000298.jpg]
[gorakhpurpublicschool.com/images/thumbs/0000297.jpg]
[gorakhpurpublicschool.com/images/thumbs/0000297_220.jpg]
[gorakhpurpublicschool.com/images/thumbs/0000296.jpg]
[gorakhpurpublicschool.com/images/thumbs/0000296_220.jpg]
[gorakhpurpublicschool.com/images/thumbs/0000295.jpg]
[gorakhpurpublicschool.com/images/thumbs/0000295_220.jpg]
[gorakhpurpublicschool.com/images/thumbs/0000294.jpg]
[gorakhpurpublicschool.com/images/thumbs/0000294_220.jpg]
[gorakhpurpublicschool.com/PhotoGalleryfa31.html]
[gorakhpurpublicschool.com/images/thumbs/0000293.jpg]
[gorakhpurpublicschool.com/images/thumbs/0000292.jpg]
[gorakhpurpublicschool.com/images/thumbs/0000292_220.jpg]
[gorakhpurpublicschool.com/images/thumbs/0000291.jpg]
[gorakhpurpublicschool.com/images/thumbs/0000291_220.jpg]
[gorakhpurpublicschool.com/images/thumbs/0000290.jpg]
[gorakhpurpublicschool.com/images/thumbs/0000290_220.jpg]
[gorakhpurpublicschool.com/PhotoGalleryc04a.html]
[gorakhpurpublicschool.com/gpscalendar.html]
[gorakhpurpublicschool.com/schooltime.html]
[gorakhpurpublicschool.com/games_sports.html]
[gorakhpurpublicschool.com/schooluniform.html]
[gorakhpurpublicschool.com/pdf/SUBJECTWISE_MERIT_LIST_12_2019.pdf]
[gorakhpurpublicschool.com/toppers/19-12/ASHUTOSH JAISWAL (96) .jpg]
[gorakhpurpublicschool.com/toppers/19-12/JAYA TRIPATHI (96).jpg]
[gorakhpurpublicschool.com/toppers/19-12/PRAVEEN SINGH (95.8) .jpg]
[gorakhpurpublicschool.com/toppers/19-12/SHAQUIB AHMAD (95.2) .jpg]
[gorakhpurpublicschool.com/toppers/19-12/SHIVANI JAISWAL (93.8) .jpg]
[gorakhpurpublicschool.com/toppers/19-12/RISHABH PANDEY (93.2) .jpg]
[gorakhpurpublicschool.com/toppers/19-12/DURGANSH MISHRA (92.8) .jpg]
[gorakhpurpublicschool.com/toppers/19-12/HIMANSHU DUBEY (91.8).jpg]
[gorakhpurpublicschool.com/toppers/19-12/GYAN SINGH (91.2).jpg]
[gorakhpurpublicschool.com/toppers/19-12/PRASHANT DUBEY (90) .jpg]
[gorakhpurpublicschool.com/toppers/19-12/SHIVANSHU RAI (90).jpg]
[gorakhpurpublicschool.com/toppers/19-12/YOGITA SINGH (86) .jpg]
[gorakhpurpublicschool.com/toppers/19-10/TANMAY PANDEY (97) .jpg]
[gorakhpurpublicschool.com/toppers/19-10/AVINESH SINGH (95) .jpg]
[gorakhpurpublicschool.com/toppers/19-10/ABHISHEK GUPTA (95).jpg]
[gorakhpurpublicschool.com/toppers/19-10/ANUPAM MISHRA (93) .jpg]
[gorakhpurpublicschool.com/toppers/19-10/DEEPAK SINGH (93.6) .jpg]
[gorakhpurpublicschool.com/toppers/19-10/SUNAINA SINGH (91.2) .jpg]
[gorakhpurpublicschool.com/toppers/19-10/ASHMITA SINGH (90) .jpg]
[gorakhpurpublicschool.com/toppers/19-10/ABHINAV SINGH (89) .jpg]
[gorakhpurpublicschool.com/toppers/19-10/AYUSH PANDEY (88).jpg]
[gorakhpurpublicschool.com/toppers/19-10/RAJAN KUMAR (87).jpg]
[gorakhpurpublicschool.com/toppers/19-10/SHIVANSH TRIPATHI (86.6).jpg]
[gorakhpurpublicschool.com/toppers/19-10/SANJEEV KUMAR (86).jpg]
[gorakhpurpublicschool.com/toppers/19-10/SUJAY TRIPATHI (86).jpg]
[gorakhpurpublicschool.com/toppers/19-10/ASMITA SINGH II (85.6).jpg]
[gorakhpurpublicschool.com/toppers/19-10/SANJEEV SINGH (85.2).jpg]
[gorakhpurpublicschool.com/toppers/19-10/PRINCE RAUNIYAR (85).jpg]
[gorakhpurpublicschool.com/Toppers.html]
[gorakhpurpublicschool.com/dist/fonts/glyphicons-halflings-regular.svg]
[gorakhpurpublicschool.com/PreviousFees.html]
[gorakhpurpublicschool.com/images/thumbs/0000289.jpg]
[gorakhpurpublicschool.com/images/thumbs/0000288.jpg]
[gorakhpurpublicschool.com/images/thumbs/0000288_220.jpg]
[gorakhpurpublicschool.com/images/thumbs/0000287.jpg]
[gorakhpurpublicschool.com/images/thumbs/0000287_220.jpg]
[gorakhpurpublicschool.com/images/thumbs/0000286.jpg]
[gorakhpurpublicschool.com/images/thumbs/0000286_220.jpg]
[gorakhpurpublicschool.com/images/thumbs/0000285.jpg]
[gorakhpurpublicschool.com/images/thumbs/0000285_220.jpg]
[gorakhpurpublicschool.com/images/thumbs/0000284.jpg]
[gorakhpurpublicschool.com/images/thumbs/0000284_220.jpg]
[gorakhpurpublicschool.com/images/thumbs/0000283.jpg]
[gorakhpurpublicschool.com/images/thumbs/0000282_220.jpg]
[gorakhpurpublicschool.com/PhotoGalleryfd81.html]
[gorakhpurpublicschool.com/images/thumbs/0000281.jpg]
[gorakhpurpublicschool.com/images/thumbs/0000280.jpg]
[gorakhpurpublicschool.com/images/thumbs/0000280_220.jpg]
[gorakhpurpublicschool.com/images/thumbs/0000279.jpg]
[gorakhpurpublicschool.com/images/thumbs/0000279_220.jpg]
[gorakhpurpublicschool.com/images/thumbs/0000278.jpg]
[gorakhpurpublicschool.com/images/thumbs/0000278_220.jpg]
[gorakhpurpublicschool.com/images/thumbs/0000277.jpg]
[gorakhpurpublicschool.com/images/thumbs/0000277_220.jpg]
[gorakhpurpublicschool.com/images/thumbs/0000276.jpg]
[gorakhpurpublicschool.com/images/thumbs/0000276_220.jpg]
[gorakhpurpublicschool.com/images/thumbs/0000275.jpg]
[gorakhpurpublicschool.com/images/thumbs/0000275_220.jpg]
[gorakhpurpublicschool.com/PhotoGallery415a.html]
[gorakhpurpublicschool.com/images/thumbs/0000272.jpg]
[gorakhpurpublicschool.com/images/thumbs/0000271.jpg]
[gorakhpurpublicschool.com/images/thumbs/0000271_220.jpg]
[gorakhpurpublicschool.com/images/thumbs/0000270.jpg]
[gorakhpurpublicschool.com/images/thumbs/0000270_220.jpg]
[gorakhpurpublicschool.com/PhotoGallery97f3.html]
[gorakhpurpublicschool.com/images/thumbs/0000267.jpg]
[gorakhpurpublicschool.com/images/thumbs/0000266.jpg]
[gorakhpurpublicschool.com/images/thumbs/0000266_220.jpg]
[gorakhpurpublicschool.com/images/thumbs/0000265.jpg]
[gorakhpurpublicschool.com/images/thumbs/0000265_220.jpg]
[gorakhpurpublicschool.com/images/thumbs/0000264.jpg]
[gorakhpurpublicschool.com/images/thumbs/0000264_220.jpg]
[gorakhpurpublicschool.com/images/thumbs/0000263.jpg]
[gorakhpurpublicschool.com/images/thumbs/0000263_220.jpg]
[gorakhpurpublicschool.com/images/thumbs/0000262.jpg]
[gorakhpurpublicschool.com/images/thumbs/0000262_220.jpg]
[gorakhpurpublicschool.com/PhotoGallery2423.html]
[gorakhpurpublicschool.com/images/thumbs/0000253.jpg]
[gorakhpurpublicschool.com/images/thumbs/0000252.jpg]
[gorakhpurpublicschool.com/images/thumbs/0000252_220.jpg]
[gorakhpurpublicschool.com/images/thumbs/0000251.jpg]
[gorakhpurpublicschool.com/images/thumbs/0000251_220.jpg]
[gorakhpurpublicschool.com/images/thumbs/0000250.jpg]
[gorakhpurpublicschool.com/images/thumbs/0000250_220.jpg]
[gorakhpurpublicschool.com/images/thumbs/0000249.jpg]
[gorakhpurpublicschool.com/images/thumbs/0000249_220.jpg]
[gorakhpurpublicschool.com/images/thumbs/0000248.jpg]
[gorakhpurpublicschool.com/images/thumbs/0000248_220.jpg]
[gorakhpurpublicschool.com/images/thumbs/0000247.jpg]
[gorakhpurpublicschool.com/images/thumbs/0000247_220.jpg]
[gorakhpurpublicschool.com/PhotoGallery919f.html]
[gorakhpurpublicschool.com/images/thumbs/0000246.jpg]
[gorakhpurpublicschool.com/images/thumbs/0000245.jpg]
[gorakhpurpublicschool.com/images/thumbs/0000245_220.jpg]
[gorakhpurpublicschool.com/images/thumbs/0000242.jpg]
[gorakhpurpublicschool.com/images/thumbs/0000242_220.jpg]
[gorakhpurpublicschool.com/images/thumbs/0000241.jpg]
[gorakhpurpublicschool.com/images/thumbs/0000241_220.jpg]
[gorakhpurpublicschool.com/images/thumbs/0000240.jpg]
[gorakhpurpublicschool.com/images/thumbs/0000240_220.jpg]
[gorakhpurpublicschool.com/images/thumbs/0000239.jpg]
[gorakhpurpublicschool.com/images/thumbs/0000239_220.jpg]
[gorakhpurpublicschool.com/images/thumbs/0000238.jpg]
[gorakhpurpublicschool.com/images/thumbs/0000238_220.jpg]
[gorakhpurpublicschool.com/images/thumbs/0000237.jpg]
[gorakhpurpublicschool.com/images/thumbs/0000237_220.jpg]
[gorakhpurpublicschool.com/images/thumbs/0000236.jpg]
[gorakhpurpublicschool.com/images/thumbs/0000236_220.jpg]
[gorakhpurpublicschool.com/images/thumbs/0000235.jpg]
[gorakhpurpublicschool.com/images/thumbs/0000235_220.jpg]
[gorakhpurpublicschool.com/PhotoGallery9973.html]
[gorakhpurpublicschool.com/images/thumbs/0000234.jpg]
[gorakhpurpublicschool.com/images/thumbs/0000233.jpg]
[gorakhpurpublicschool.com/images/thumbs/0000233_220.jpg]
[gorakhpurpublicschool.com/images/thumbs/0000232.jpg]
[gorakhpurpublicschool.com/images/thumbs/0000232_220.jpg]
[gorakhpurpublicschool.com/images/thumbs/0000231.jpg]
[gorakhpurpublicschool.com/images/thumbs/0000231_220.jpg]
[gorakhpurpublicschool.com/images/thumbs/0000230.jpg]
[gorakhpurpublicschool.com/images/thumbs/0000230_220.jpg]
[gorakhpurpublicschool.com/images/thumbs/0000229.jpg]
[gorakhpurpublicschool.com/images/thumbs/0000229_220.jpg]
[gorakhpurpublicschool.com/images/thumbs/0000228.jpg]
[gorakhpurpublicschool.com/images/thumbs/0000228_220.jpg]
[gorakhpurpublicschool.com/images/thumbs/0000227.jpg]
[gorakhpurpublicschool.com/images/thumbs/0000227_220.jpg]
[gorakhpurpublicschool.com/images/thumbs/0000226.jpg]
[gorakhpurpublicschool.com/images/thumbs/0000226_220.jpg]
[gorakhpurpublicschool.com/images/thumbs/0000225.jpg]
[gorakhpurpublicschool.com/images/thumbs/0000225_220.jpg]
[gorakhpurpublicschool.com/images/thumbs/0000224.jpg]
[gorakhpurpublicschool.com/images/thumbs/0000224_220.jpg]
[gorakhpurpublicschool.com/images/thumbs/0000223.jpg]
[gorakhpurpublicschool.com/images/thumbs/0000223_220.jpg]
[gorakhpurpublicschool.com/PhotoGallery51c6.html]
[gorakhpurpublicschool.com/images/thumbs/0000221.jpg]
[gorakhpurpublicschool.com/images/thumbs/0000220.jpg]
[gorakhpurpublicschool.com/images/thumbs/0000220_220.jpg]
[gorakhpurpublicschool.com/images/thumbs/0000219.jpg]
[gorakhpurpublicschool.com/images/thumbs/0000219_220.jpg]
[gorakhpurpublicschool.com/images/thumbs/0000218.jpg]
[gorakhpurpublicschool.com/images/thumbs/0000218_220.jpg]
[gorakhpurpublicschool.com/images/thumbs/0000217.jpg]
[gorakhpurpublicschool.com/images/thumbs/0000217_220.jpg]
[gorakhpurpublicschool.com/images/thumbs/0000216.jpg]
[gorakhpurpublicschool.com/images/thumbs/0000216_220.jpg]
[gorakhpurpublicschool.com/images/thumbs/0000215.jpg]
[gorakhpurpublicschool.com/images/thumbs/0000215_220.jpg]
[gorakhpurpublicschool.com/images/thumbs/0000214.jpg]
[gorakhpurpublicschool.com/images/thumbs/0000214_220.jpg]
[gorakhpurpublicschool.com/images/thumbs/0000212.jpg]
[gorakhpurpublicschool.com/images/thumbs/0000212_220.jpg]
[gorakhpurpublicschool.com/images/thumbs/0000211.jpg]
[gorakhpurpublicschool.com/images/thumbs/0000211_220.jpg]
[gorakhpurpublicschool.com/images/thumbs/0000210.jpg]
[gorakhpurpublicschool.com/images/thumbs/0000210_220.jpg]
[gorakhpurpublicschool.com/images/thumbs/0000209.jpg]
[gorakhpurpublicschool.com/images/thumbs/0000209_220.jpg]
[gorakhpurpublicschool.com/images/thumbs/0000206.jpg]
[gorakhpurpublicschool.com/images/thumbs/0000206_220.jpg]
[gorakhpurpublicschool.com/PhotoGallerybe64.html]
[gorakhpurpublicschool.com/images/thumbs/0000274.jpg]
[gorakhpurpublicschool.com/images/thumbs/0000273.jpg]
[gorakhpurpublicschool.com/images/thumbs/0000273_220.jpg]
[gorakhpurpublicschool.com/images/thumbs/0000269.jpg]
[gorakhpurpublicschool.com/images/thumbs/0000269_220.jpg]
[gorakhpurpublicschool.com/images/thumbs/0000268.jpg]
[gorakhpurpublicschool.com/images/thumbs/0000268_220.jpg]
[gorakhpurpublicschool.com/images/thumbs/0000204.jpg]
[gorakhpurpublicschool.com/images/thumbs/0000204_220.jpg]
[gorakhpurpublicschool.com/images/thumbs/0000203.jpg]
[gorakhpurpublicschool.com/images/thumbs/0000203_220.jpg]
[gorakhpurpublicschool.com/images/thumbs/0000202.jpg]
[gorakhpurpublicschool.com/images/thumbs/0000202_220.jpg]
[gorakhpurpublicschool.com/images/thumbs/0000201.jpg]
[gorakhpurpublicschool.com/images/thumbs/0000201_220.jpg]
[gorakhpurpublicschool.com/images/thumbs/0000200.jpg]
[gorakhpurpublicschool.com/images/thumbs/0000200_220.jpg]
[gorakhpurpublicschool.com/images/thumbs/0000199.jpg]
[gorakhpurpublicschool.com/images/thumbs/0000199_220.jpg]
[gorakhpurpublicschool.com/images/thumbs/0000197.jpg]
[gorakhpurpublicschool.com/images/thumbs/0000197_220.jpg]
[gorakhpurpublicschool.com/images/thumbs/0000196.jpg]
[gorakhpurpublicschool.com/images/thumbs/0000196_220.jpg]
[gorakhpurpublicschool.com/images/thumbs/0000195.jpg]
[gorakhpurpublicschool.com/images/thumbs/0000195_220.jpg]
[gorakhpurpublicschool.com/images/thumbs/0000194.jpg]
[gorakhpurpublicschool.com/images/thumbs/0000194_220.jpg]
[gorakhpurpublicschool.com/images/thumbs/0000193.jpg]
[gorakhpurpublicschool.com/images/thumbs/0000193_220.jpg]
[gorakhpurpublicschool.com/images/thumbs/0000192.jpg]
[gorakhpurpublicschool.com/images/thumbs/0000192_220.jpg]
[gorakhpurpublicschool.com/images/thumbs/0000191.jpg]
[gorakhpurpublicschool.com/images/thumbs/0000191_220.jpg]
[gorakhpurpublicschool.com/images/thumbs/0000190.jpg]
[gorakhpurpublicschool.com/images/thumbs/0000190_220.jpg]
[gorakhpurpublicschool.com/images/thumbs/0000189.jpg]
[gorakhpurpublicschool.com/images/thumbs/0000189_220.jpg]
[gorakhpurpublicschool.com/images/thumbs/0000188.jpg]
[gorakhpurpublicschool.com/images/thumbs/0000188_220.jpg]
[gorakhpurpublicschool.com/images/thumbs/0000187.jpg]
[gorakhpurpublicschool.com/images/thumbs/0000187_220.jpg]
[gorakhpurpublicschool.com/images/thumbs/0000186.jpg]
[gorakhpurpublicschool.com/images/thumbs/0000186_220.jpg]
[gorakhpurpublicschool.com/PhotoGalleryc4ff.html]
[gorakhpurpublicschool.com/images/thumbs/0000149.jpg]
[gorakhpurpublicschool.com/images/thumbs/0000143.jpg]
[gorakhpurpublicschool.com/images/thumbs/0000143_220.jpg]
[gorakhpurpublicschool.com/images/thumbs/0000142.jpg]
[gorakhpurpublicschool.com/images/thumbs/0000142_220.jpg]
[gorakhpurpublicschool.com/images/thumbs/0000141.jpg]
[gorakhpurpublicschool.com/images/thumbs/0000141_220.jpg]
[gorakhpurpublicschool.com/images/thumbs/0000140.jpg]
[gorakhpurpublicschool.com/images/thumbs/0000140_220.jpg]
[gorakhpurpublicschool.com/images/thumbs/0000139.jpg]
[gorakhpurpublicschool.com/images/thumbs/0000139_220.jpg]
[gorakhpurpublicschool.com/images/thumbs/0000138.jpg]
[gorakhpurpublicschool.com/images/thumbs/0000138_220.jpg]
[gorakhpurpublicschool.com/images/thumbs/0000137.jpg]
[gorakhpurpublicschool.com/images/thumbs/0000137_220.jpg]
[gorakhpurpublicschool.com/images/thumbs/0000136.jpg]
[gorakhpurpublicschool.com/images/thumbs/0000136_220.jpg]
[gorakhpurpublicschool.com/images/thumbs/0000135.jpg]
[gorakhpurpublicschool.com/images/thumbs/0000135_220.jpg]
[gorakhpurpublicschool.com/images/thumbs/0000134.jpg]
[gorakhpurpublicschool.com/images/thumbs/0000134_220.jpg]
[gorakhpurpublicschool.com/images/thumbs/0000133.jpg]
[gorakhpurpublicschool.com/images/thumbs/0000133_220.jpg]
[gorakhpurpublicschool.com/images/thumbs/0000132.jpg]
[gorakhpurpublicschool.com/images/thumbs/0000132_220.jpg]
[gorakhpurpublicschool.com/PhotoGallery943f.html]
[gorakhpurpublicschool.com/images/thumbs/0000165.jpg]
[gorakhpurpublicschool.com/images/thumbs/0000164.jpg]
[gorakhpurpublicschool.com/images/thumbs/0000164_220.jpg]
[gorakhpurpublicschool.com/images/thumbs/0000163.jpg]
[gorakhpurpublicschool.com/images/thumbs/0000163_220.jpg]
[gorakhpurpublicschool.com/images/thumbs/0000162.jpg]
[gorakhpurpublicschool.com/images/thumbs/0000162_220.jpg]
[gorakhpurpublicschool.com/images/thumbs/0000161.jpg]
[gorakhpurpublicschool.com/images/thumbs/0000161_220.jpg]
[gorakhpurpublicschool.com/images/thumbs/0000159.jpg]
[gorakhpurpublicschool.com/images/thumbs/0000159_220.jpg]
[gorakhpurpublicschool.com/images/thumbs/0000158.jpg]
[gorakhpurpublicschool.com/images/thumbs/0000158_220.jpg]
[gorakhpurpublicschool.com/images/thumbs/0000157.jpg]
[gorakhpurpublicschool.com/images/thumbs/0000157_220.jpg]
[gorakhpurpublicschool.com/images/thumbs/0000156.jpg]
[gorakhpurpublicschool.com/images/thumbs/0000156_220.jpg]
[gorakhpurpublicschool.com/images/thumbs/0000155.jpg]
[gorakhpurpublicschool.com/images/thumbs/0000155_220.jpg]
[gorakhpurpublicschool.com/images/thumbs/0000154.jpg]
[gorakhpurpublicschool.com/images/thumbs/0000154_220.jpg]
[gorakhpurpublicschool.com/images/thumbs/0000153.jpg]
[gorakhpurpublicschool.com/images/thumbs/0000153_220.jpg]
[gorakhpurpublicschool.com/images/thumbs/0000152.jpg]
[gorakhpurpublicschool.com/images/thumbs/0000152_220.jpg]
[gorakhpurpublicschool.com/images/thumbs/0000151.jpg]
[gorakhpurpublicschool.com/images/thumbs/0000151_220.jpg]
[gorakhpurpublicschool.com/images/thumbs/0000150.jpg]
[gorakhpurpublicschool.com/images/thumbs/0000150_220.jpg]
[gorakhpurpublicschool.com/images/thumbs/0000148.jpg]
[gorakhpurpublicschool.com/images/thumbs/0000148_220.jpg]
[gorakhpurpublicschool.com/images/thumbs/0000147.jpg]
[gorakhpurpublicschool.com/images/thumbs/0000147_220.jpg]
[gorakhpurpublicschool.com/images/thumbs/0000146.jpg]
[gorakhpurpublicschool.com/images/thumbs/0000146_220.jpg]
[gorakhpurpublicschool.com/images/thumbs/0000145.jpg]
[gorakhpurpublicschool.com/images/thumbs/0000145_220.jpg]
[gorakhpurpublicschool.com/images/thumbs/0000144.jpg]
[gorakhpurpublicschool.com/images/thumbs/0000144_220.jpg]
[gorakhpurpublicschool.com/PhotoGallery19b1.html]
[gorakhpurpublicschool.com/images/thumbs/0000184.jpg]
[gorakhpurpublicschool.com/images/thumbs/0000183.jpg]
[gorakhpurpublicschool.com/images/thumbs/0000183_220.jpg]
[gorakhpurpublicschool.com/images/thumbs/0000182.jpg]
[gorakhpurpublicschool.com/images/thumbs/0000182_220.jpg]
[gorakhpurpublicschool.com/images/thumbs/0000181.jpg]
[gorakhpurpublicschool.com/images/thumbs/0000181_220.jpg]
[gorakhpurpublicschool.com/images/thumbs/0000180.jpg]
[gorakhpurpublicschool.com/images/thumbs/0000180_220.jpg]
[gorakhpurpublicschool.com/images/thumbs/0000179.jpg]
[gorakhpurpublicschool.com/images/thumbs/0000179_220.jpg]
[gorakhpurpublicschool.com/images/thumbs/0000178.jpg]
[gorakhpurpublicschool.com/images/thumbs/0000178_220.jpg]
[gorakhpurpublicschool.com/images/thumbs/0000177.jpg]
[gorakhpurpublicschool.com/images/thumbs/0000177_220.jpg]
[gorakhpurpublicschool.com/images/thumbs/0000176.jpg]
[gorakhpurpublicschool.com/images/thumbs/0000176_220.jpg]
[gorakhpurpublicschool.com/images/thumbs/0000175.jpg]
[gorakhpurpublicschool.com/images/thumbs/0000175_220.jpg]
[gorakhpurpublicschool.com/images/thumbs/0000174.jpg]
[gorakhpurpublicschool.com/images/thumbs/0000174_220.jpg]
[gorakhpurpublicschool.com/images/thumbs/0000173.jpg]
[gorakhpurpublicschool.com/images/thumbs/0000173_220.jpg]
[gorakhpurpublicschool.com/images/thumbs/0000172.jpg]
[gorakhpurpublicschool.com/images/thumbs/0000172_220.jpg]
[gorakhpurpublicschool.com/images/thumbs/0000171.jpg]
[gorakhpurpublicschool.com/images/thumbs/0000171_220.jpg]
[gorakhpurpublicschool.com/images/thumbs/0000170.jpg]
[gorakhpurpublicschool.com/images/thumbs/0000170_220.jpg]
[gorakhpurpublicschool.com/images/thumbs/0000169.jpg]
[gorakhpurpublicschool.com/images/thumbs/0000169_220.jpg]
[gorakhpurpublicschool.com/images/thumbs/0000168.jpg]
[gorakhpurpublicschool.com/images/thumbs/0000168_220.jpg]
[gorakhpurpublicschool.com/images/thumbs/0000167.jpg]
[gorakhpurpublicschool.com/PhotoGallery6988.html]
[gorakhpurpublicschool.com/PhotoGallery8ac8.html]
[gorakhpurpublicschool.com/PhotoGallery50c5.html]
[gorakhpurpublicschool.com/PhotoGallery9c0b.html]
[gorakhpurpublicschool.com/PhotoGallery48b0.html]
[gorakhpurpublicschool.com/PhotoGallery4269.html]
[gorakhpurpublicschool.com/PhotoGallery8719.html]
[gorakhpurpublicschool.com/PhotoGallerycbfc.html]
[gorakhpurpublicschool.com/Newsdetail9e21.html]
[gorakhpurpublicschool.com/Newsdetaile50e.html]
[gorakhpurpublicschool.com/Newsdetail9de9.html]
[gorakhpurpublicschool.com/Newsdetailedd7.html]
[gorakhpurpublicschool.com/Newsdetail5fef.html]
[gorakhpurpublicschool.com/Newsdetail4a70.html]
[gorakhpurpublicschool.com/css/gallery.css]
[gorakhpurpublicschool.com/picstool/photogallery.css]
[gorakhpurpublicschool.com/picstool/mainpagegallery.css]
[gorakhpurpublicschool.com/tabs/jquery-ui.html]
[gorakhpurpublicschool.com/tabs/external/jquery/jquery.html]
[gorakhpurpublicschool.com/tabs/jquery-ui-2.html]
[gorakhpurpublicschool.com/Toppers2015.html]
[gorakhpurpublicschool.com/Toppers2016.html]
[gorakhpurpublicschool.com/Toppers2017.html]
[gorakhpurpublicschool.com/Toppers2018.html]
[gorakhpurpublicschool.com/PhotoGallerya972.aspx]
[gorakhpurpublicschool.com/images/noDefaultImage.html]
[gorakhpurpublicschool.com/Contactus.html]
[gorakhpurpublicschool.com/images/thumbs/0000295.jpg]
[gorakhpurpublicschool.com/images/thumbs/0000294_220.jpg]
[gorakhpurpublicschool.com/images/thumbs/0000292.jpg]
[gorakhpurpublicschool.com/images/thumbs/0000285.jpg]
[gorakhpurpublicschool.com/images/thumbs/0000283.jpg]
[gorakhpurpublicschool.com/images/thumbs/0000283_220.jpeg]
[gorakhpurpublicschool.com/images/thumbs/0000282.jpeg]
